
> universe-mapmaker@0.1.0 build
> next build

   ▲ Next.js 15.5.4
   - Environments: .env.local

   Creating an optimized production build ...
Failed to compile.

./src/features/dashboard/komponenty/OwnProjects.tsx
Module not found: Can't resolve './dialogs/CreateProjectDialog'

https://nextjs.org/docs/messages/module-not-found

Import trace for requested module:
./src/features/dashboard/komponenty/Dashboard.tsx

./src/features/dashboard/komponenty/OwnProjects.tsx
Module not found: Can't resolve './dialogs/DeleteProjectDialog'

https://nextjs.org/docs/messages/module-not-found

Import trace for requested module:
./src/features/dashboard/komponenty/Dashboard.tsx

./src/features/dashboard/komponenty/UserProfile.tsx
Module not found: Can't resolve './LoginRequiredGuard'

https://nextjs.org/docs/messages/module-not-found

Import trace for requested module:
./src/features/dashboard/komponenty/Dashboard.tsx

./src/features/dashboard/komponenty/UserSettings.tsx
Module not found: Can't resolve './LoginRequiredGuard'

https://nextjs.org/docs/messages/module-not-found

Import trace for requested module:
./src/features/dashboard/komponenty/Dashboard.tsx

./src/features/mapa/komponenty/IdentifyTool.tsx
Module not found: Can't resolve '../panels/IdentifyModal'

https://nextjs.org/docs/messages/module-not-found

Import trace for requested module:
./src/features/mapa/komponenty/MapContainer.tsx
./app/map/page.tsx


> Build failed because of webpack errors
